Archive member included to satisfy reference by file (symbol)

/usr/lib/gcc/avr/5.4.0/avr5/libgcc.a(_udivmodhi4.o)
                              ./output/menu_alarm.o (__udivmodhi4)
/usr/lib/gcc/avr/5.4.0/avr5/libgcc.a(_divmodhi4.o)
                              ./output/util.o (__divmodhi4)
/usr/lib/gcc/avr/5.4.0/avr5/libgcc.a(_exit.o)
                              /usr/lib/gcc/avr/5.4.0/../../../avr/lib/avr5/crtatmega324pb.o (exit)
/usr/lib/gcc/avr/5.4.0/avr5/libgcc.a(_tablejump2.o)
                              ./output/buzzer.o (__tablejump2__)
/usr/lib/gcc/avr/5.4.0/avr5/libgcc.a(_copy_data.o)
                              ./output/sleep.o (__do_copy_data)
/usr/lib/gcc/avr/5.4.0/avr5/libgcc.a(_clear_bss.o)
                              ./output/buzzer.o (__do_clear_bss)
/usr/lib/gcc/avr/5.4.0/avr5/libgcc.a(_umulhisi3.o)
                              ./output/menu_alarm.o (__umulhisi3)
/usr/lib/gcc/avr/5.4.0/../../../avr/lib/avr5/libm.a(addsf3.o)
                              ./output/adc.o (__subsf3)
/usr/lib/gcc/avr/5.4.0/../../../avr/lib/avr5/libm.a(addsf3x.o)
                              /usr/lib/gcc/avr/5.4.0/../../../avr/lib/avr5/libm.a(addsf3.o) (__addsf3x)
/usr/lib/gcc/avr/5.4.0/../../../avr/lib/avr5/libm.a(cmpsf2.o)
                              ./output/adc.o (__eqsf2)
/usr/lib/gcc/avr/5.4.0/../../../avr/lib/avr5/libm.a(divsf3.o)
                              ./output/buzzer.o (__divsf3)
/usr/lib/gcc/avr/5.4.0/../../../avr/lib/avr5/libm.a(divsf3x.o)
                              /usr/lib/gcc/avr/5.4.0/../../../avr/lib/avr5/libm.a(divsf3.o) (__divsf3x)
/usr/lib/gcc/avr/5.4.0/../../../avr/lib/avr5/libm.a(fixunssfsi.o)
                              ./output/buzzer.o (__fixunssfsi)
/usr/lib/gcc/avr/5.4.0/../../../avr/lib/avr5/libm.a(floatsisf.o)
                              ./output/buzzer.o (__floatunsisf)
/usr/lib/gcc/avr/5.4.0/../../../avr/lib/avr5/libm.a(fp_cmp.o)
                              /usr/lib/gcc/avr/5.4.0/../../../avr/lib/avr5/libm.a(cmpsf2.o) (__fp_cmp)
/usr/lib/gcc/avr/5.4.0/../../../avr/lib/avr5/libm.a(fp_inf.o)
                              /usr/lib/gcc/avr/5.4.0/../../../avr/lib/avr5/libm.a(addsf3x.o) (__fp_inf)
/usr/lib/gcc/avr/5.4.0/../../../avr/lib/avr5/libm.a(fp_nan.o)
                              /usr/lib/gcc/avr/5.4.0/../../../avr/lib/avr5/libm.a(addsf3x.o) (__fp_nan)
/usr/lib/gcc/avr/5.4.0/../../../avr/lib/avr5/libm.a(fp_pscA.o)
                              /usr/lib/gcc/avr/5.4.0/../../../avr/lib/avr5/libm.a(addsf3x.o) (__fp_pscA)
/usr/lib/gcc/avr/5.4.0/../../../avr/lib/avr5/libm.a(fp_pscB.o)
                              /usr/lib/gcc/avr/5.4.0/../../../avr/lib/avr5/libm.a(addsf3x.o) (__fp_pscB)
/usr/lib/gcc/avr/5.4.0/../../../avr/lib/avr5/libm.a(fp_round.o)
                              /usr/lib/gcc/avr/5.4.0/../../../avr/lib/avr5/libm.a(addsf3.o) (__fp_round)
/usr/lib/gcc/avr/5.4.0/../../../avr/lib/avr5/libm.a(fp_split3.o)
                              /usr/lib/gcc/avr/5.4.0/../../../avr/lib/avr5/libm.a(addsf3x.o) (__fp_split3)
/usr/lib/gcc/avr/5.4.0/../../../avr/lib/avr5/libm.a(fp_zero.o)
                              /usr/lib/gcc/avr/5.4.0/../../../avr/lib/avr5/libm.a(addsf3x.o) (__fp_zero)
/usr/lib/gcc/avr/5.4.0/../../../avr/lib/avr5/libm.a(gesf2.o)
                              ./output/adc.o (__gtsf2)
/usr/lib/gcc/avr/5.4.0/../../../avr/lib/avr5/libm.a(mulsf3.o)
                              ./output/buzzer.o (__mulsf3)
/usr/lib/gcc/avr/5.4.0/../../../avr/lib/avr5/libm.a(mulsf3x.o)
                              /usr/lib/gcc/avr/5.4.0/../../../avr/lib/avr5/libm.a(mulsf3.o) (__mulsf3x)
/usr/lib/gcc/avr/5.4.0/../../../avr/lib/avr5/libc.a(itoa_ncheck.o)
                              ./output/debug.o (__itoa_ncheck)
/usr/lib/gcc/avr/5.4.0/../../../avr/lib/avr5/libc.a(utoa_ncheck.o)
                              /usr/lib/gcc/avr/5.4.0/../../../avr/lib/avr5/libc.a(itoa_ncheck.o) (__utoa_common)
/usr/lib/gcc/avr/5.4.0/../../../avr/lib/avr5/libc.a(strrev.o)
                              /usr/lib/gcc/avr/5.4.0/../../../avr/lib/avr5/libc.a(utoa_ncheck.o) (strrev)
/usr/lib/gcc/avr/5.4.0/../../../avr/lib/avr5/libatmega324pb.a(eerd_block.o)
                              ./output/eeprom.o (eeprom_read_block)
/usr/lib/gcc/avr/5.4.0/../../../avr/lib/avr5/libatmega324pb.a(eerd_byte.o)
                              ./output/eeprom.o (eeprom_read_byte)
/usr/lib/gcc/avr/5.4.0/../../../avr/lib/avr5/libatmega324pb.a(eeupd_block.o)
                              ./output/eeprom.o (eeprom_update_block)
/usr/lib/gcc/avr/5.4.0/../../../avr/lib/avr5/libatmega324pb.a(eeupd_byte.o)
                              ./output/eeprom.o (eeprom_update_byte)

Allocating common symbols
Common symbol       size              file

btnZ                0x9               ./output/main.o
display             0xa               ./output/main.o
alarm               0xe               ./output/main.o
btnY                0x9               ./output/main.o
btnX                0x9               ./output/main.o
time                0xc               ./output/main.o

Memory Configuration

Name             Origin             Length             Attributes
text             0x0000000000000000 0x0000000000020000 xr
data             0x0000000000800060 0x000000000000ffa0 rw !x
eeprom           0x0000000000810000 0x0000000000010000 rw !x
fuse             0x0000000000820000 0x0000000000000003 rw !x
lock             0x0000000000830000 0x0000000000000400 rw !x
signature        0x0000000000840000 0x0000000000000400 rw !x
user_signatures  0x0000000000850000 0x0000000000000400 rw !x
*default*        0x0000000000000000 0xffffffffffffffff

Linker script and memory map

Address of section .data set to 0x800100
LOAD /usr/lib/gcc/avr/5.4.0/../../../avr/lib/avr5/crtatmega324pb.o
LOAD ./output/sleep.o
LOAD ./output/buzzer.o
LOAD ./output/init.o
LOAD ./output/uart.o
LOAD ./output/eeprom.o
LOAD ./output/menu_alarm.o
LOAD ./output/menu_time.o
LOAD ./output/external_interrupt.o
LOAD ./output/menu_user.o
LOAD ./output/main.o
LOAD ./output/debug.o
LOAD ./output/util.o
LOAD ./output/timers.o
LOAD ./output/adc.o
START GROUP
LOAD /usr/lib/gcc/avr/5.4.0/avr5/libgcc.a
LOAD /usr/lib/gcc/avr/5.4.0/../../../avr/lib/avr5/libm.a
LOAD /usr/lib/gcc/avr/5.4.0/../../../avr/lib/avr5/libc.a
LOAD /usr/lib/gcc/avr/5.4.0/../../../avr/lib/avr5/libatmega324pb.a
END GROUP
                0x0000000000020000                __TEXT_REGION_LENGTH__ = DEFINED (__TEXT_REGION_LENGTH__)?__TEXT_REGION_LENGTH__:0x20000
                0x000000000000ffa0                __DATA_REGION_LENGTH__ = DEFINED (__DATA_REGION_LENGTH__)?__DATA_REGION_LENGTH__:0xffa0
                0x0000000000010000                __EEPROM_REGION_LENGTH__ = DEFINED (__EEPROM_REGION_LENGTH__)?__EEPROM_REGION_LENGTH__:0x10000
                [0x0000000000000003]                __FUSE_REGION_LENGTH__ = DEFINED (__FUSE_REGION_LENGTH__)?__FUSE_REGION_LENGTH__:0x400
                0x0000000000000400                __LOCK_REGION_LENGTH__ = DEFINED (__LOCK_REGION_LENGTH__)?__LOCK_REGION_LENGTH__:0x400
                0x0000000000000400                __SIGNATURE_REGION_LENGTH__ = DEFINED (__SIGNATURE_REGION_LENGTH__)?__SIGNATURE_REGION_LENGTH__:0x400
                0x0000000000000400                __USER_SIGNATURE_REGION_LENGTH__ = DEFINED (__USER_SIGNATURE_REGION_LENGTH__)?__USER_SIGNATURE_REGION_LENGTH__:0x400

.hash
 *(.hash)

.dynsym
 *(.dynsym)

.dynstr
 *(.dynstr)

.gnu.version
 *(.gnu.version)

.gnu.version_d
 *(.gnu.version_d)

.gnu.version_r
 *(.gnu.version_r)

.rel.init
 *(.rel.init)

.rela.init
 *(.rela.init)

.rel.text
 *(.rel.text)
 *(.rel.text.*)
 *(.rel.gnu.linkonce.t*)

.rela.text
 *(.rela.text)
 *(.rela.text.*)
 *(.rela.gnu.linkonce.t*)

.rel.fini
 *(.rel.fini)

.rela.fini
 *(.rela.fini)

.rel.rodata
 *(.rel.rodata)
 *(.rel.rodata.*)
 *(.rel.gnu.linkonce.r*)

.rela.rodata
 *(.rela.rodata)
 *(.rela.rodata.*)
 *(.rela.gnu.linkonce.r*)

.rel.data
 *(.rel.data)
 *(.rel.data.*)
 *(.rel.gnu.linkonce.d*)

.rela.data
 *(.rela.data)
 *(.rela.data.*)
 *(.rela.gnu.linkonce.d*)

.rel.ctors
 *(.rel.ctors)

.rela.ctors
 *(.rela.ctors)

.rel.dtors
 *(.rel.dtors)

.rela.dtors
 *(.rela.dtors)

.rel.got
 *(.rel.got)

.rela.got
 *(.rela.got)

.rel.bss
 *(.rel.bss)

.rela.bss
 *(.rela.bss)

.rel.plt
 *(.rel.plt)

.rela.plt
 *(.rela.plt)

.text           0x0000000000000000     0x710e
 *(.vectors)
 .vectors       0x0000000000000000       0xcc /usr/lib/gcc/avr/5.4.0/../../../avr/lib/avr5/crtatmega324pb.o
                0x0000000000000000                __vectors
                0x0000000000000000                __vector_default
 *(.vectors)
 *(.progmem.gcc*)
 .progmem.gcc_sw_table
                0x00000000000000cc       0x3e ./output/buzzer.o
 .progmem.gcc_sw_table
                0x000000000000010a       0x14 ./output/menu_time.o
 .progmem.gcc_sw_table
                0x000000000000011e       0x1c ./output/main.o
                0x000000000000013a                . = ALIGN (0x2)
                0x000000000000013a                __trampolines_start = .
 *(.trampolines)
 .trampolines   0x000000000000013a        0x0 linker stubs
 *(.trampolines*)
                0x000000000000013a                __trampolines_end = .
 *libprintf_flt.a:*(.progmem.data)
 *libc.a:*(.progmem.data)
 *(.progmem*)
 .progmem.data  0x000000000000013a      0x3f4 ./output/buzzer.o
 .progmem.data  0x000000000000052e      0x40c ./output/menu_time.o
 .progmem.data  0x000000000000093a       0x3b ./output/menu_user.o
 .progmem.data  0x0000000000000975       0x5d ./output/main.o
 .progmem.data  0x00000000000009d2      0xe93 ./output/debug.o
 .progmem.data  0x0000000000001865      0x155 ./output/adc.o
                0x00000000000019ba                . = ALIGN (0x2)
 *(.jumptables)
 *(.jumptables*)
 *(.lowtext)
 *(.lowtext*)
                0x00000000000019ba                __ctors_start = .
 *(.ctors)
                0x00000000000019ba                __ctors_end = .
                0x00000000000019ba                __dtors_start = .
 *(.dtors)
                0x00000000000019ba                __dtors_end = .
 SORT(*)(.ctors)
 SORT(*)(.dtors)
 *(.init0)
 .init0         0x00000000000019ba        0x0 /usr/lib/gcc/avr/5.4.0/../../../avr/lib/avr5/crtatmega324pb.o
                0x00000000000019ba                __init
 *(.init0)
 *(.init1)
 *(.init1)
 *(.init2)
 .init2         0x00000000000019ba        0xc /usr/lib/gcc/avr/5.4.0/../../../avr/lib/avr5/crtatmega324pb.o
 *(.init2)
 *(.init3)
 *(.init3)
 *(.init4)
 .init4         0x00000000000019c6       0x16 /usr/lib/gcc/avr/5.4.0/avr5/libgcc.a(_copy_data.o)
                0x00000000000019c6                __do_copy_data
 .init4         0x00000000000019dc       0x10 /usr/lib/gcc/avr/5.4.0/avr5/libgcc.a(_clear_bss.o)
                0x00000000000019dc                __do_clear_bss
 *(.init4)
 *(.init5)
 *(.init5)
 *(.init6)
 *(.init6)
 *(.init7)
 *(.init7)
 *(.init8)
 *(.init8)
 *(.init9)
 .init9         0x00000000000019ec        0x8 /usr/lib/gcc/avr/5.4.0/../../../avr/lib/avr5/crtatmega324pb.o
 *(.init9)
 *(.text)
 .text          0x00000000000019f4        0x4 /usr/lib/gcc/avr/5.4.0/../../../avr/lib/avr5/crtatmega324pb.o
                0x00000000000019f4                __vector_38
                0x00000000000019f4                __vector_22
                0x00000000000019f4                __vector_28
                0x00000000000019f4                __vector_1
                0x00000000000019f4                __vector_34
                0x00000000000019f4                __vector_24
                0x00000000000019f4                __vector_12
                0x00000000000019f4                __vector_46
                0x00000000000019f4                __bad_interrupt
                0x00000000000019f4                __vector_31
                0x00000000000019f4                __vector_35
                0x00000000000019f4                __vector_39
                0x00000000000019f4                __vector_3
                0x00000000000019f4                __vector_23
                0x00000000000019f4                __vector_30
                0x00000000000019f4                __vector_45
                0x00000000000019f4                __vector_25
                0x00000000000019f4                __vector_13
                0x00000000000019f4                __vector_17
                0x00000000000019f4                __vector_19
                0x00000000000019f4                __vector_7
                0x00000000000019f4                __vector_49
                0x00000000000019f4                __vector_41
                0x00000000000019f4                __vector_43
                0x00000000000019f4                __vector_27
                0x00000000000019f4                __vector_33
                0x00000000000019f4                __vector_47
                0x00000000000019f4                __vector_37
                0x00000000000019f4                __vector_4
                0x00000000000019f4                __vector_44
                0x00000000000019f4                __vector_9
                0x00000000000019f4                __vector_2
                0x00000000000019f4                __vector_21
                0x00000000000019f4                __vector_15
                0x00000000000019f4                __vector_36
                0x00000000000019f4                __vector_29
                0x00000000000019f4                __vector_40
                0x00000000000019f4                __vector_8
                0x00000000000019f4                __vector_26
                0x00000000000019f4                __vector_48
                0x00000000000019f4                __vector_14
                0x00000000000019f4                __vector_10
                0x00000000000019f4                __vector_50
                0x00000000000019f4                __vector_16
                0x00000000000019f4                __vector_18
                0x00000000000019f4                __vector_20
                0x00000000000019f4                __vector_42
 .text          0x00000000000019f8      0x12e ./output/sleep.o
                0x00000000000019f8                peripherals_disable
                0x0000000000001a4e                peripherals_enable
                0x0000000000001a7e                go_to_sleep
 .text          0x0000000000001b26      0x23c ./output/buzzer.o
                0x0000000000001b26                buzzer_beep
                0x0000000000001b48                buzzer_music
 .text          0x0000000000001d62      0x13e ./output/init.o
                0x0000000000001d62                boot
 .text          0x0000000000001ea0      0x108 ./output/uart.o
                0x0000000000001ea0                uart_init
                0x0000000000001ec6                uart_send_char
                0x0000000000001ee0                uart_send_string
                0x0000000000001efe                uart_send_string_p
                0x0000000000001f24                uart_read_char
                0x0000000000001f34                uart_set
                0x0000000000001f68                uart_check_rx
 .text          0x0000000000001fa8      0x256 ./output/eeprom.o
                0x0000000000001fa8                rom_init
                0x0000000000002038                rom_increase_test_cnt
                0x0000000000002056                rom_query_test_cnt
                0x0000000000002060                rom_store_voltages_results
                0x0000000000002120                rom_store_timing_results
                0x0000000000002154                rom_store_buzzer_results
                0x0000000000002170                rom_store_leds_results
                0x00000000000021c0                rom_query_voltages_test
                0x00000000000021ce                rom_query_rtc_ok_test
                0x00000000000021d8                rom_query_rtc_time_test
                0x00000000000021e6                rom_query_buzzer_ok_test
                0x00000000000021f0                rom_query_leds_test
 .text          0x00000000000021fe      0xa8e ./output/menu_alarm.o
                0x0000000000002304                set_alarm_active
                0x0000000000002452                set_alarm
                0x00000000000026ce                alarm_triggered
                0x00000000000029ee                set_alarm_theme
 .text          0x0000000000002c8c     0x1778 ./output/menu_time.o
                0x0000000000002d84                display_time
                0x0000000000003e88                set_time
                0x000000000000420a                set_hour_mode
 .text          0x0000000000004404       0x3e ./output/external_interrupt.o
                0x0000000000004404                pin_change_isr_init
                0x0000000000004424                buttons_set
 .text          0x0000000000004442      0x46a ./output/menu_user.o
                0x0000000000004442                intro
                0x0000000000004576                display_menu
                0x00000000000046dc                set_transitions
 .text          0x00000000000048ac      0x64c ./output/main.o
                0x00000000000048ac                main
                0x0000000000004b1c                __vector_11
                0x0000000000004d44                __vector_32
                0x0000000000004e84                __vector_5
                0x0000000000004ed6                __vector_6
 .text          0x0000000000004ef8      0xbca ./output/debug.o
                0x0000000000004ef8                usr_test
                0x000000000000511a                production_test
 .text          0x0000000000005ac2      0x632 ./output/util.o
                0x0000000000005ac2                set_tube
                0x0000000000005aea                set_digit
                0x0000000000005b4e                buttons_check
                0x0000000000005f46                led_blink
                0x0000000000005f84                check_alarm
                0x0000000000005fd8                update_time_variables
                0x00000000000060c2                random_number
                0x00000000000060d6                bin_to_ascii
 .text          0x00000000000060f4      0x210 ./output/timers.o
                0x00000000000060f4                rtc_set
                0x0000000000006170                base_timer_init
                0x000000000000619c                buzzer_init
                0x00000000000061c6                leds_init
                0x0000000000006204                base_timer_set
                0x000000000000623c                buzzer_set
                0x000000000000627c                leds_set
 .text          0x0000000000006304      0x840 ./output/adc.o
                0x000000000000647c                adc_init
                0x0000000000006498                adc_set
                0x00000000000064b4                adc_read
                0x0000000000006514                adc_voltages_test
                0x00000000000067ba                adc_factory_test_check
                0x00000000000067d8                adc_factory_voltages_test
 .text          0x0000000000006b44        0x0 /usr/lib/gcc/avr/5.4.0/avr5/libgcc.a(_udivmodhi4.o)
 .text          0x0000000000006b44        0x0 /usr/lib/gcc/avr/5.4.0/avr5/libgcc.a(_divmodhi4.o)
 .text          0x0000000000006b44        0x0 /usr/lib/gcc/avr/5.4.0/avr5/libgcc.a(_exit.o)
 .text          0x0000000000006b44        0x0 /usr/lib/gcc/avr/5.4.0/avr5/libgcc.a(_tablejump2.o)
 .text          0x0000000000006b44        0x0 /usr/lib/gcc/avr/5.4.0/avr5/libgcc.a(_copy_data.o)
 .text          0x0000000000006b44        0x0 /usr/lib/gcc/avr/5.4.0/avr5/libgcc.a(_clear_bss.o)
 .text          0x0000000000006b44        0x0 /usr/lib/gcc/avr/5.4.0/avr5/libgcc.a(_umulhisi3.o)
 .text          0x0000000000006b44        0x0 /usr/lib/gcc/avr/5.4.0/../../../avr/lib/avr5/libm.a(addsf3.o)
 .text          0x0000000000006b44        0x0 /usr/lib/gcc/avr/5.4.0/../../../avr/lib/avr5/libm.a(addsf3x.o)
 .text          0x0000000000006b44        0x0 /usr/lib/gcc/avr/5.4.0/../../../avr/lib/avr5/libm.a(cmpsf2.o)
 .text          0x0000000000006b44        0x0 /usr/lib/gcc/avr/5.4.0/../../../avr/lib/avr5/libm.a(divsf3.o)
 .text          0x0000000000006b44        0x0 /usr/lib/gcc/avr/5.4.0/../../../avr/lib/avr5/libm.a(divsf3x.o)
 .text          0x0000000000006b44        0x0 /usr/lib/gcc/avr/5.4.0/../../../avr/lib/avr5/libm.a(fixunssfsi.o)
 .text          0x0000000000006b44        0x0 /usr/lib/gcc/avr/5.4.0/../../../avr/lib/avr5/libm.a(floatsisf.o)
 .text          0x0000000000006b44        0x0 /usr/lib/gcc/avr/5.4.0/../../../avr/lib/avr5/libm.a(fp_cmp.o)
 .text          0x0000000000006b44        0x0 /usr/lib/gcc/avr/5.4.0/../../../avr/lib/avr5/libm.a(fp_inf.o)
 .text          0x0000000000006b44        0x0 /usr/lib/gcc/avr/5.4.0/../../../avr/lib/avr5/libm.a(fp_nan.o)
 .text          0x0000000000006b44        0x0 /usr/lib/gcc/avr/5.4.0/../../../avr/lib/avr5/libm.a(fp_pscA.o)
 .text          0x0000000000006b44        0x0 /usr/lib/gcc/avr/5.4.0/../../../avr/lib/avr5/libm.a(fp_pscB.o)
 .text          0x0000000000006b44        0x0 /usr/lib/gcc/avr/5.4.0/../../../avr/lib/avr5/libm.a(fp_round.o)
 .text          0x0000000000006b44        0x0 /usr/lib/gcc/avr/5.4.0/../../../avr/lib/avr5/libm.a(fp_split3.o)
 .text          0x0000000000006b44        0x0 /usr/lib/gcc/avr/5.4.0/../../../avr/lib/avr5/libm.a(fp_zero.o)
 .text          0x0000000000006b44        0x0 /usr/lib/gcc/avr/5.4.0/../../../avr/lib/avr5/libm.a(gesf2.o)
 .text          0x0000000000006b44        0x0 /usr/lib/gcc/avr/5.4.0/../../../avr/lib/avr5/libm.a(mulsf3.o)
 .text          0x0000000000006b44        0x0 /usr/lib/gcc/avr/5.4.0/../../../avr/lib/avr5/libm.a(mulsf3x.o)
 .text          0x0000000000006b44        0x0 /usr/lib/gcc/avr/5.4.0/../../../avr/lib/avr5/libc.a(itoa_ncheck.o)
 .text          0x0000000000006b44        0x0 /usr/lib/gcc/avr/5.4.0/../../../avr/lib/avr5/libc.a(utoa_ncheck.o)
 .text          0x0000000000006b44        0x0 /usr/lib/gcc/avr/5.4.0/../../../avr/lib/avr5/libc.a(strrev.o)
 .text          0x0000000000006b44        0x0 /usr/lib/gcc/avr/5.4.0/../../../avr/lib/avr5/libatmega324pb.a(eerd_block.o)
 .text          0x0000000000006b44        0x0 /usr/lib/gcc/avr/5.4.0/../../../avr/lib/avr5/libatmega324pb.a(eerd_byte.o)
 .text          0x0000000000006b44        0x0 /usr/lib/gcc/avr/5.4.0/../../../avr/lib/avr5/libatmega324pb.a(eeupd_block.o)
 .text          0x0000000000006b44        0x0 /usr/lib/gcc/avr/5.4.0/../../../avr/lib/avr5/libatmega324pb.a(eeupd_byte.o)
                0x0000000000006b44                . = ALIGN (0x2)
 *(.text.*)
 .text.libgcc.mul
                0x0000000000006b44        0x0 /usr/lib/gcc/avr/5.4.0/avr5/libgcc.a(_udivmodhi4.o)
 .text.libgcc.div
                0x0000000000006b44       0x28 /usr/lib/gcc/avr/5.4.0/avr5/libgcc.a(_udivmodhi4.o)
                0x0000000000006b44                __udivmodhi4
 .text.libgcc   0x0000000000006b6c        0x0 /usr/lib/gcc/avr/5.4.0/avr5/libgcc.a(_udivmodhi4.o)
 .text.libgcc.prologue
                0x0000000000006b6c        0x0 /usr/lib/gcc/avr/5.4.0/avr5/libgcc.a(_udivmodhi4.o)
 .text.libgcc.builtins
                0x0000000000006b6c        0x0 /usr/lib/gcc/avr/5.4.0/avr5/libgcc.a(_udivmodhi4.o)
 .text.libgcc.fmul
                0x0000000000006b6c        0x0 /usr/lib/gcc/avr/5.4.0/avr5/libgcc.a(_udivmodhi4.o)
 .text.libgcc.fixed
                0x0000000000006b6c        0x0 /usr/lib/gcc/avr/5.4.0/avr5/libgcc.a(_udivmodhi4.o)
 .text.libgcc.mul
                0x0000000000006b6c        0x0 /usr/lib/gcc/avr/5.4.0/avr5/libgcc.a(_divmodhi4.o)
 .text.libgcc.div
                0x0000000000006b6c       0x28 /usr/lib/gcc/avr/5.4.0/avr5/libgcc.a(_divmodhi4.o)
                0x0000000000006b6c                __divmodhi4
                0x0000000000006b6c                _div
 .text.libgcc   0x0000000000006b94        0x0 /usr/lib/gcc/avr/5.4.0/avr5/libgcc.a(_divmodhi4.o)
 .text.libgcc.prologue
                0x0000000000006b94        0x0 /usr/lib/gcc/avr/5.4.0/avr5/libgcc.a(_divmodhi4.o)
 .text.libgcc.builtins
                0x0000000000006b94        0x0 /usr/lib/gcc/avr/5.4.0/avr5/libgcc.a(_divmodhi4.o)
 .text.libgcc.fmul
                0x0000000000006b94        0x0 /usr/lib/gcc/avr/5.4.0/avr5/libgcc.a(_divmodhi4.o)
 .text.libgcc.fixed
                0x0000000000006b94        0x0 /usr/lib/gcc/avr/5.4.0/avr5/libgcc.a(_divmodhi4.o)
 .text.libgcc.mul
                0x0000000000006b94        0x0 /usr/lib/gcc/avr/5.4.0/avr5/libgcc.a(_exit.o)
 .text.libgcc.div
                0x0000000000006b94        0x0 /usr/lib/gcc/avr/5.4.0/avr5/libgcc.a(_exit.o)
 .text.libgcc   0x0000000000006b94        0x0 /usr/lib/gcc/avr/5.4.0/avr5/libgcc.a(_exit.o)
 .text.libgcc.prologue
                0x0000000000006b94        0x0 /usr/lib/gcc/avr/5.4.0/avr5/libgcc.a(_exit.o)
 .text.libgcc.builtins
                0x0000000000006b94        0x0 /usr/lib/gcc/avr/5.4.0/avr5/libgcc.a(_exit.o)
 .text.libgcc.fmul
                0x0000000000006b94        0x0 /usr/lib/gcc/avr/5.4.0/avr5/libgcc.a(_exit.o)
 .text.libgcc.fixed
                0x0000000000006b94        0x0 /usr/lib/gcc/avr/5.4.0/avr5/libgcc.a(_exit.o)
 .text.libgcc.mul
                0x0000000000006b94        0x0 /usr/lib/gcc/avr/5.4.0/avr5/libgcc.a(_tablejump2.o)
 .text.libgcc.div
                0x0000000000006b94        0x0 /usr/lib/gcc/avr/5.4.0/avr5/libgcc.a(_tablejump2.o)
 .text.libgcc   0x0000000000006b94        0xc /usr/lib/gcc/avr/5.4.0/avr5/libgcc.a(_tablejump2.o)
                0x0000000000006b94                __tablejump2__
 .text.libgcc.prologue
                0x0000000000006ba0        0x0 /usr/lib/gcc/avr/5.4.0/avr5/libgcc.a(_tablejump2.o)
 .text.libgcc.builtins
                0x0000000000006ba0        0x0 /usr/lib/gcc/avr/5.4.0/avr5/libgcc.a(_tablejump2.o)
 .text.libgcc.fmul
                0x0000000000006ba0        0x0 /usr/lib/gcc/avr/5.4.0/avr5/libgcc.a(_tablejump2.o)
 .text.libgcc.fixed
                0x0000000000006ba0        0x0 /usr/lib/gcc/avr/5.4.0/avr5/libgcc.a(_tablejump2.o)
 .text.libgcc.mul
                0x0000000000006ba0        0x0 /usr/lib/gcc/avr/5.4.0/avr5/libgcc.a(_copy_data.o)
 .text.libgcc.div
                0x0000000000006ba0        0x0 /usr/lib/gcc/avr/5.4.0/avr5/libgcc.a(_copy_data.o)
 .text.libgcc   0x0000000000006ba0        0x0 /usr/lib/gcc/avr/5.4.0/avr5/libgcc.a(_copy_data.o)
 .text.libgcc.prologue
                0x0000000000006ba0        0x0 /usr/lib/gcc/avr/5.4.0/avr5/libgcc.a(_copy_data.o)
 .text.libgcc.builtins
                0x0000000000006ba0        0x0 /usr/lib/gcc/avr/5.4.0/avr5/libgcc.a(_copy_data.o)
 .text.libgcc.fmul
                0x0000000000006ba0        0x0 /usr/lib/gcc/avr/5.4.0/avr5/libgcc.a(_copy_data.o)
 .text.libgcc.fixed
                0x0000000000006ba0        0x0 /usr/lib/gcc/avr/5.4.0/avr5/libgcc.a(_copy_data.o)
 .text.libgcc.mul
                0x0000000000006ba0        0x0 /usr/lib/gcc/avr/5.4.0/avr5/libgcc.a(_clear_bss.o)
 .text.libgcc.div
                0x0000000000006ba0        0x0 /usr/lib/gcc/avr/5.4.0/avr5/libgcc.a(_clear_bss.o)
 .text.libgcc   0x0000000000006ba0        0x0 /usr/lib/gcc/avr/5.4.0/avr5/libgcc.a(_clear_bss.o)
 .text.libgcc.prologue
                0x0000000000006ba0        0x0 /usr/lib/gcc/avr/5.4.0/avr5/libgcc.a(_clear_bss.o)
 .text.libgcc.builtins
                0x0000000000006ba0        0x0 /usr/lib/gcc/avr/5.4.0/avr5/libgcc.a(_clear_bss.o)
 .text.libgcc.fmul
                0x0000000000006ba0        0x0 /usr/lib/gcc/avr/5.4.0/avr5/libgcc.a(_clear_bss.o)
 .text.libgcc.fixed
                0x0000000000006ba0        0x0 /usr/lib/gcc/avr/5.4.0/avr5/libgcc.a(_clear_bss.o)
 .text.libgcc.mul
                0x0000000000006ba0       0x1e /usr/lib/gcc/avr/5.4.0/avr5/libgcc.a(_umulhisi3.o)
                0x0000000000006ba0                __umulhisi3
 .text.libgcc.div
                0x0000000000006bbe        0x0 /usr/lib/gcc/avr/5.4.0/avr5/libgcc.a(_umulhisi3.o)
 .text.libgcc   0x0000000000006bbe        0x0 /usr/lib/gcc/avr/5.4.0/avr5/libgcc.a(_umulhisi3.o)
 .text.libgcc.prologue
                0x0000000000006bbe        0x0 /usr/lib/gcc/avr/5.4.0/avr5/libgcc.a(_umulhisi3.o)
 .text.libgcc.builtins
                0x0000000000006bbe        0x0 /usr/lib/gcc/avr/5.4.0/avr5/libgcc.a(_umulhisi3.o)
 .text.libgcc.fmul
                0x0000000000006bbe        0x0 /usr/lib/gcc/avr/5.4.0/avr5/libgcc.a(_umulhisi3.o)
 .text.libgcc.fixed
                0x0000000000006bbe        0x0 /usr/lib/gcc/avr/5.4.0/avr5/libgcc.a(_umulhisi3.o)
 .text.avr-libc.fplib
                0x0000000000006bbe        0xe /usr/lib/gcc/avr/5.4.0/../../../avr/lib/avr5/libm.a(addsf3.o)
                0x0000000000006bbe                __subsf3
                0x0000000000006bc0                __addsf3
 .text.avr-libc.fplib
                0x0000000000006bcc       0xcc /usr/lib/gcc/avr/5.4.0/../../../avr/lib/avr5/libm.a(addsf3x.o)
                0x0000000000006bee                __addsf3x
 .text.avr-libc.fplib
                0x0000000000006c98        0xa /usr/lib/gcc/avr/5.4.0/../../../avr/lib/avr5/libm.a(cmpsf2.o)
                0x0000000000006c98                __lesf2
                0x0000000000006c98                __nesf2
                0x0000000000006c98                __eqsf2
                0x0000000000006c98                __cmpsf2
                0x0000000000006c98                __ltsf2
 .text.avr-libc.fplib
                0x0000000000006ca2        0x8 /usr/lib/gcc/avr/5.4.0/../../../avr/lib/avr5/libm.a(divsf3.o)
                0x0000000000006ca2                __divsf3
 .text.avr-libc.fplib
                0x0000000000006caa       0xdc /usr/lib/gcc/avr/5.4.0/../../../avr/lib/avr5/libm.a(divsf3x.o)
                0x0000000000006cca                __divsf3x
                0x0000000000006cd0                __divsf3_pse
 .text.avr-libc.fplib
                0x0000000000006d86       0x5e /usr/lib/gcc/avr/5.4.0/../../../avr/lib/avr5/libm.a(fixunssfsi.o)
                0x0000000000006d86                __fixunssfsi
 .text.avr-libc.fplib
                0x0000000000006de4       0x7a /usr/lib/gcc/avr/5.4.0/../../../avr/lib/avr5/libm.a(floatsisf.o)
                0x0000000000006de4                __floatunsisf
                0x0000000000006de8                __floatsisf
 .text.avr-libc.fplib
                0x0000000000006e5e       0x48 /usr/lib/gcc/avr/5.4.0/../../../avr/lib/avr5/libm.a(fp_cmp.o)
                0x0000000000006e5e                __fp_cmp
 .text.avr-libc.fplib
                0x0000000000006ea6        0xc /usr/lib/gcc/avr/5.4.0/../../../avr/lib/avr5/libm.a(fp_inf.o)
                0x0000000000006ea6                __fp_inf
 .text.avr-libc.fplib
                0x0000000000006eb2        0x6 /usr/lib/gcc/avr/5.4.0/../../../avr/lib/avr5/libm.a(fp_nan.o)
                0x0000000000006eb2                __fp_nan
 .text.avr-libc.fplib
                0x0000000000006eb8        0xe /usr/lib/gcc/avr/5.4.0/../../../avr/lib/avr5/libm.a(fp_pscA.o)
                0x0000000000006eb8                __fp_pscA
 .text.avr-libc.fplib
                0x0000000000006ec6        0xe /usr/lib/gcc/avr/5.4.0/../../../avr/lib/avr5/libm.a(fp_pscB.o)
                0x0000000000006ec6                __fp_pscB
 .text.avr-libc.fplib
                0x0000000000006ed4       0x22 /usr/lib/gcc/avr/5.4.0/../../../avr/lib/avr5/libm.a(fp_round.o)
                0x0000000000006ed4                __fp_round
 .text.avr-libc.fplib
                0x0000000000006ef6       0x44 /usr/lib/gcc/avr/5.4.0/../../../avr/lib/avr5/libm.a(fp_split3.o)
                0x0000000000006ef6                __fp_split3
                0x0000000000006f06                __fp_splitA
 .text.avr-libc.fplib
                0x0000000000006f3a        0xe /usr/lib/gcc/avr/5.4.0/../../../avr/lib/avr5/libm.a(fp_zero.o)
                0x0000000000006f3a                __fp_zero
                0x0000000000006f3c                __fp_szero
 .text.avr-libc.fplib
                0x0000000000006f48        0xa /usr/lib/gcc/avr/5.4.0/../../../avr/lib/avr5/libm.a(gesf2.o)
                0x0000000000006f48                __gtsf2
                0x0000000000006f48                __gesf2
 .text.avr-libc.fplib
                0x0000000000006f52        0x8 /usr/lib/gcc/avr/5.4.0/../../../avr/lib/avr5/libm.a(mulsf3.o)
                0x0000000000006f52                __mulsf3
 .text.avr-libc.fplib
                0x0000000000006f5a       0xd2 /usr/lib/gcc/avr/5.4.0/../../../avr/lib/avr5/libm.a(mulsf3x.o)
                0x0000000000006f78                __mulsf3x
                0x0000000000006f7e                __mulsf3_pse
 .text.avr-libc
                0x000000000000702c       0x16 /usr/lib/gcc/avr/5.4.0/../../../avr/lib/avr5/libc.a(itoa_ncheck.o)
                0x000000000000702c                __itoa_ncheck
 .text.avr-libc
                0x0000000000007042       0x34 /usr/lib/gcc/avr/5.4.0/../../../avr/lib/avr5/libc.a(utoa_ncheck.o)
                0x0000000000007042                __utoa_ncheck
                0x0000000000007044                __utoa_common
 .text.avr-libc
                0x0000000000007076       0x20 /usr/lib/gcc/avr/5.4.0/../../../avr/lib/avr5/libc.a(strrev.o)
                0x0000000000007076                strrev
 .text.avr-libc
                0x0000000000007096       0x20 /usr/lib/gcc/avr/5.4.0/../../../avr/lib/avr5/libatmega324pb.a(eerd_block.o)
                0x0000000000007096                eeprom_read_block
                0x000000000000709a                eeprom_read_blraw
 .text.avr-libc
                0x00000000000070b6       0x10 /usr/lib/gcc/avr/5.4.0/../../../avr/lib/avr5/libatmega324pb.a(eerd_byte.o)
                0x00000000000070b6                eeprom_read_byte
 .text.avr-libc
                0x00000000000070c6       0x20 /usr/lib/gcc/avr/5.4.0/../../../avr/lib/avr5/libatmega324pb.a(eeupd_block.o)
                0x00000000000070c6                eeprom_update_block
 .text.avr-libc
                0x00000000000070e6       0x24 /usr/lib/gcc/avr/5.4.0/../../../avr/lib/avr5/libatmega324pb.a(eeupd_byte.o)
                0x00000000000070e6                eeprom_update_byte
                0x00000000000070e8                eeprom_update_r18
                0x000000000000710a                . = ALIGN (0x2)
 *(.fini9)
 .fini9         0x000000000000710a        0x0 /usr/lib/gcc/avr/5.4.0/avr5/libgcc.a(_exit.o)
                0x000000000000710a                exit
                0x000000000000710a                _exit
 *(.fini9)
 *(.fini8)
 *(.fini8)
 *(.fini7)
 *(.fini7)
 *(.fini6)
 *(.fini6)
 *(.fini5)
 *(.fini5)
 *(.fini4)
 *(.fini4)
 *(.fini3)
 *(.fini3)
 *(.fini2)
 *(.fini2)
 *(.fini1)
 *(.fini1)
 *(.fini0)
 .fini0         0x000000000000710a        0x4 /usr/lib/gcc/avr/5.4.0/avr5/libgcc.a(_exit.o)
 *(.fini0)
                0x000000000000710e                _etext = .

.data           0x0000000000800100       0x38 load address 0x000000000000710e
                0x0000000000800100                PROVIDE (__data_start, .)
 *(.data)
 .data          0x0000000000800100        0x0 /usr/lib/gcc/avr/5.4.0/../../../avr/lib/avr5/crtatmega324pb.o
 .data          0x0000000000800100        0x0 ./output/sleep.o
 .data          0x0000000000800100        0x1 ./output/buzzer.o
 .data          0x0000000000800101        0x0 ./output/init.o
 .data          0x0000000000800101        0x0 ./output/uart.o
 .data          0x0000000000800101        0x0 ./output/eeprom.o
 .data          0x0000000000800101        0x7 ./output/menu_alarm.o
 .data          0x0000000000800108        0x8 ./output/menu_time.o
 .data          0x0000000000800110        0x0 ./output/external_interrupt.o
 .data          0x0000000000800110        0x4 ./output/menu_user.o
 .data          0x0000000000800114        0x4 ./output/main.o
 .data          0x0000000000800118        0x2 ./output/debug.o
 .data          0x000000000080011a        0x0 ./output/util.o
 .data          0x000000000080011a        0x0 ./output/timers.o
 .data          0x000000000080011a        0x0 ./output/adc.o
 .data          0x000000000080011a        0x0 /usr/lib/gcc/avr/5.4.0/avr5/libgcc.a(_udivmodhi4.o)
 .data          0x000000000080011a        0x0 /usr/lib/gcc/avr/5.4.0/avr5/libgcc.a(_divmodhi4.o)
 .data          0x000000000080011a        0x0 /usr/lib/gcc/avr/5.4.0/avr5/libgcc.a(_exit.o)
 .data          0x000000000080011a        0x0 /usr/lib/gcc/avr/5.4.0/avr5/libgcc.a(_tablejump2.o)
 .data          0x000000000080011a        0x0 /usr/lib/gcc/avr/5.4.0/avr5/libgcc.a(_copy_data.o)
 .data          0x000000000080011a        0x0 /usr/lib/gcc/avr/5.4.0/avr5/libgcc.a(_clear_bss.o)
 .data          0x000000000080011a        0x0 /usr/lib/gcc/avr/5.4.0/avr5/libgcc.a(_umulhisi3.o)
 .data          0x000000000080011a        0x0 /usr/lib/gcc/avr/5.4.0/../../../avr/lib/avr5/libm.a(addsf3.o)
 .data          0x000000000080011a        0x0 /usr/lib/gcc/avr/5.4.0/../../../avr/lib/avr5/libm.a(addsf3x.o)
 .data          0x000000000080011a        0x0 /usr/lib/gcc/avr/5.4.0/../../../avr/lib/avr5/libm.a(cmpsf2.o)
 .data          0x000000000080011a        0x0 /usr/lib/gcc/avr/5.4.0/../../../avr/lib/avr5/libm.a(divsf3.o)
 .data          0x000000000080011a        0x0 /usr/lib/gcc/avr/5.4.0/../../../avr/lib/avr5/libm.a(divsf3x.o)
 .data          0x000000000080011a        0x0 /usr/lib/gcc/avr/5.4.0/../../../avr/lib/avr5/libm.a(fixunssfsi.o)
 .data          0x000000000080011a        0x0 /usr/lib/gcc/avr/5.4.0/../../../avr/lib/avr5/libm.a(floatsisf.o)
 .data          0x000000000080011a        0x0 /usr/lib/gcc/avr/5.4.0/../../../avr/lib/avr5/libm.a(fp_cmp.o)
 .data          0x000000000080011a        0x0 /usr/lib/gcc/avr/5.4.0/../../../avr/lib/avr5/libm.a(fp_inf.o)
 .data          0x000000000080011a        0x0 /usr/lib/gcc/avr/5.4.0/../../../avr/lib/avr5/libm.a(fp_nan.o)
 .data          0x000000000080011a        0x0 /usr/lib/gcc/avr/5.4.0/../../../avr/lib/avr5/libm.a(fp_pscA.o)
 .data          0x000000000080011a        0x0 /usr/lib/gcc/avr/5.4.0/../../../avr/lib/avr5/libm.a(fp_pscB.o)
 .data          0x000000000080011a        0x0 /usr/lib/gcc/avr/5.4.0/../../../avr/lib/avr5/libm.a(fp_round.o)
 .data          0x000000000080011a        0x0 /usr/lib/gcc/avr/5.4.0/../../../avr/lib/avr5/libm.a(fp_split3.o)
 .data          0x000000000080011a        0x0 /usr/lib/gcc/avr/5.4.0/../../../avr/lib/avr5/libm.a(fp_zero.o)
 .data          0x000000000080011a        0x0 /usr/lib/gcc/avr/5.4.0/../../../avr/lib/avr5/libm.a(gesf2.o)
 .data          0x000000000080011a        0x0 /usr/lib/gcc/avr/5.4.0/../../../avr/lib/avr5/libm.a(mulsf3.o)
 .data          0x000000000080011a        0x0 /usr/lib/gcc/avr/5.4.0/../../../avr/lib/avr5/libm.a(mulsf3x.o)
 .data          0x000000000080011a        0x0 /usr/lib/gcc/avr/5.4.0/../../../avr/lib/avr5/libc.a(itoa_ncheck.o)
 .data          0x000000000080011a        0x0 /usr/lib/gcc/avr/5.4.0/../../../avr/lib/avr5/libc.a(utoa_ncheck.o)
 .data          0x000000000080011a        0x0 /usr/lib/gcc/avr/5.4.0/../../../avr/lib/avr5/libc.a(strrev.o)
 .data          0x000000000080011a        0x0 /usr/lib/gcc/avr/5.4.0/../../../avr/lib/avr5/libatmega324pb.a(eerd_block.o)
 .data          0x000000000080011a        0x0 /usr/lib/gcc/avr/5.4.0/../../../avr/lib/avr5/libatmega324pb.a(eerd_byte.o)
 .data          0x000000000080011a        0x0 /usr/lib/gcc/avr/5.4.0/../../../avr/lib/avr5/libatmega324pb.a(eeupd_block.o)
 .data          0x000000000080011a        0x0 /usr/lib/gcc/avr/5.4.0/../../../avr/lib/avr5/libatmega324pb.a(eeupd_byte.o)
 *(.data*)
 *(.gnu.linkonce.d*)
 *(.rodata)
 *(.rodata*)
 .rodata.str1.1
                0x000000000080011a       0x1b ./output/sleep.o
 .rodata.str1.1
                0x0000000000800135        0x3 ./output/main.o
 *(.gnu.linkonce.r*)
                0x0000000000800138                . = ALIGN (0x2)
                0x0000000000800138                _edata = .
                0x0000000000800138                PROVIDE (__data_end, .)

.bss            0x0000000000800138      0x14d
                0x0000000000800138                PROVIDE (__bss_start, .)
 *(.bss)
 .bss           0x0000000000800138        0x0 /usr/lib/gcc/avr/5.4.0/../../../avr/lib/avr5/crtatmega324pb.o
 .bss           0x0000000000800138        0x0 ./output/sleep.o
 .bss           0x0000000000800138       0xcf ./output/buzzer.o
 .bss           0x0000000000800207        0x0 ./output/init.o
 .bss           0x0000000000800207        0x0 ./output/uart.o
 .bss           0x0000000000800207        0x0 ./output/eeprom.o
 .bss           0x0000000000800207       0x17 ./output/menu_alarm.o
 .bss           0x000000000080021e       0x14 ./output/menu_time.o
 .bss           0x0000000000800232        0x0 ./output/external_interrupt.o
 .bss           0x0000000000800232        0x9 ./output/menu_user.o
 .bss           0x000000000080023b        0x5 ./output/main.o
                0x000000000080023b                system_reset
                0x000000000080023c                sleep_mode
                0x000000000080023d                main_loop_execute
 .bss           0x0000000000800240        0x6 ./output/debug.o
 .bss           0x0000000000800246        0x0 ./output/util.o
 .bss           0x0000000000800246        0x0 ./output/timers.o
 .bss           0x0000000000800246        0x0 ./output/adc.o
 .bss           0x0000000000800246        0x0 /usr/lib/gcc/avr/5.4.0/avr5/libgcc.a(_udivmodhi4.o)
 .bss           0x0000000000800246        0x0 /usr/lib/gcc/avr/5.4.0/avr5/libgcc.a(_divmodhi4.o)
 .bss           0x0000000000800246        0x0 /usr/lib/gcc/avr/5.4.0/avr5/libgcc.a(_exit.o)
 .bss           0x0000000000800246        0x0 /usr/lib/gcc/avr/5.4.0/avr5/libgcc.a(_tablejump2.o)
 .bss           0x0000000000800246        0x0 /usr/lib/gcc/avr/5.4.0/avr5/libgcc.a(_copy_data.o)
 .bss           0x0000000000800246        0x0 /usr/lib/gcc/avr/5.4.0/avr5/libgcc.a(_clear_bss.o)
 .bss           0x0000000000800246        0x0 /usr/lib/gcc/avr/5.4.0/avr5/libgcc.a(_umulhisi3.o)
 .bss           0x0000000000800246        0x0 /usr/lib/gcc/avr/5.4.0/../../../avr/lib/avr5/libm.a(addsf3.o)
 .bss           0x0000000000800246        0x0 /usr/lib/gcc/avr/5.4.0/../../../avr/lib/avr5/libm.a(addsf3x.o)
 .bss           0x0000000000800246        0x0 /usr/lib/gcc/avr/5.4.0/../../../avr/lib/avr5/libm.a(cmpsf2.o)
 .bss           0x0000000000800246        0x0 /usr/lib/gcc/avr/5.4.0/../../../avr/lib/avr5/libm.a(divsf3.o)
 .bss           0x0000000000800246        0x0 /usr/lib/gcc/avr/5.4.0/../../../avr/lib/avr5/libm.a(divsf3x.o)
 .bss           0x0000000000800246        0x0 /usr/lib/gcc/avr/5.4.0/../../../avr/lib/avr5/libm.a(fixunssfsi.o)
 .bss           0x0000000000800246        0x0 /usr/lib/gcc/avr/5.4.0/../../../avr/lib/avr5/libm.a(floatsisf.o)
 .bss           0x0000000000800246        0x0 /usr/lib/gcc/avr/5.4.0/../../../avr/lib/avr5/libm.a(fp_cmp.o)
 .bss           0x0000000000800246        0x0 /usr/lib/gcc/avr/5.4.0/../../../avr/lib/avr5/libm.a(fp_inf.o)
 .bss           0x0000000000800246        0x0 /usr/lib/gcc/avr/5.4.0/../../../avr/lib/avr5/libm.a(fp_nan.o)
 .bss           0x0000000000800246        0x0 /usr/lib/gcc/avr/5.4.0/../../../avr/lib/avr5/libm.a(fp_pscA.o)
 .bss           0x0000000000800246        0x0 /usr/lib/gcc/avr/5.4.0/../../../avr/lib/avr5/libm.a(fp_pscB.o)
 .bss           0x0000000000800246        0x0 /usr/lib/gcc/avr/5.4.0/../../../avr/lib/avr5/libm.a(fp_round.o)
 .bss           0x0000000000800246        0x0 /usr/lib/gcc/avr/5.4.0/../../../avr/lib/avr5/libm.a(fp_split3.o)
 .bss           0x0000000000800246        0x0 /usr/lib/gcc/avr/5.4.0/../../../avr/lib/avr5/libm.a(fp_zero.o)
 .bss           0x0000000000800246        0x0 /usr/lib/gcc/avr/5.4.0/../../../avr/lib/avr5/libm.a(gesf2.o)
 .bss           0x0000000000800246        0x0 /usr/lib/gcc/avr/5.4.0/../../../avr/lib/avr5/libm.a(mulsf3.o)
 .bss           0x0000000000800246        0x0 /usr/lib/gcc/avr/5.4.0/../../../avr/lib/avr5/libm.a(mulsf3x.o)
 .bss           0x0000000000800246        0x0 /usr/lib/gcc/avr/5.4.0/../../../avr/lib/avr5/libc.a(itoa_ncheck.o)
 .bss           0x0000000000800246        0x0 /usr/lib/gcc/avr/5.4.0/../../../avr/lib/avr5/libc.a(utoa_ncheck.o)
 .bss           0x0000000000800246        0x0 /usr/lib/gcc/avr/5.4.0/../../../avr/lib/avr5/libc.a(strrev.o)
 .bss           0x0000000000800246        0x0 /usr/lib/gcc/avr/5.4.0/../../../avr/lib/avr5/libatmega324pb.a(eerd_block.o)
 .bss           0x0000000000800246        0x0 /usr/lib/gcc/avr/5.4.0/../../../avr/lib/avr5/libatmega324pb.a(eerd_byte.o)
 .bss           0x0000000000800246        0x0 /usr/lib/gcc/avr/5.4.0/../../../avr/lib/avr5/libatmega324pb.a(eeupd_block.o)
 .bss           0x0000000000800246        0x0 /usr/lib/gcc/avr/5.4.0/../../../avr/lib/avr5/libatmega324pb.a(eeupd_byte.o)
 *(.bss*)
 *(COMMON)
 COMMON         0x0000000000800246       0x3f ./output/main.o
                0x0000000000800246                btnZ
                0x000000000080024f                display
                0x0000000000800259                alarm
                0x0000000000800267                btnY
                0x0000000000800270                btnX
                0x0000000000800279                time
                0x0000000000800285                PROVIDE (__bss_end, .)
                0x000000000000710e                __data_load_start = LOADADDR (.data)
                0x0000000000007146                __data_load_end = (__data_load_start + SIZEOF (.data))

.noinit         0x0000000000800285        0x0
                [!provide]                        PROVIDE (__noinit_start, .)
 *(.noinit*)
                [!provide]                        PROVIDE (__noinit_end, .)
                0x0000000000800285                _end = .
                [!provide]                        PROVIDE (__heap_start, .)

.eeprom         0x0000000000810000       0x26
 *(.eeprom*)
 .eeprom        0x0000000000810000       0x26 ./output/eeprom.o
                0x0000000000810000                test_leds
                0x0000000000810004                test_buzzer
                0x0000000000810005                test_rtc
                0x000000000081000c                test_voltages
                0x0000000000810024                test_cnt
                0x0000000000810025                sys_blank
                0x0000000000810026                __eeprom_end = .

.fuse           0x0000000000820000        0x3
 *(.fuse)
 .fuse          0x0000000000820000        0x3 ./output/main.o
                0x0000000000820000                __fuse
 *(.lfuse)
 *(.hfuse)
 *(.efuse)

.lock           0x0000000000830000        0x1
 *(.lock*)
 .lock          0x0000000000830000        0x1 ./output/main.o
                0x0000000000830000                __lock

.signature
 *(.signature*)

.user_signatures
 *(.user_signatures*)

.stab           0x0000000000000000     0xba0c
 *(.stab)
 .stab          0x0000000000000000      0x834 ./output/sleep.o
 .stab          0x0000000000000834      0x804 ./output/buzzer.o
                                        0xa20 (size before relaxing)
 .stab          0x0000000000001038      0x9a8 ./output/init.o
                                        0xbc4 (size before relaxing)
 .stab          0x00000000000019e0      0x738 ./output/uart.o
                                        0x978 (size before relaxing)
 .stab          0x0000000000002118      0x8e8 ./output/eeprom.o
                                        0xb58 (size before relaxing)
 .stab          0x0000000000002a00     0x15c0 ./output/menu_alarm.o
                                       0x17dc (size before relaxing)
 .stab          0x0000000000003fc0     0x22e0 ./output/menu_time.o
                                       0x2520 (size before relaxing)
 .stab          0x00000000000062a0      0x3b4 ./output/external_interrupt.o
                                        0x57c (size before relaxing)
 .stab          0x0000000000006654      0xd44 ./output/menu_user.o
                                        0xf84 (size before relaxing)
 .stab          0x0000000000007398      0xc18 ./output/main.o
                                        0xe64 (size before relaxing)
 .stab          0x0000000000007fb0     0x16f8 ./output/debug.o
                                       0x1998 (size before relaxing)
 .stab          0x00000000000096a8      0xf3c ./output/util.o
                                       0x1164 (size before relaxing)
 .stab          0x000000000000a5e4      0x84c ./output/timers.o
                                        0xa74 (size before relaxing)
 .stab          0x000000000000ae30      0xbdc ./output/adc.o
                                        0xe70 (size before relaxing)

.stabstr        0x0000000000000000     0x25b6
 *(.stabstr)
 .stabstr       0x0000000000000000     0x25b6 ./output/sleep.o

.stab.excl
 *(.stab.excl)

.stab.exclstr
 *(.stab.exclstr)

.stab.index
 *(.stab.index)

.stab.indexstr
 *(.stab.indexstr)

.comment        0x0000000000000000       0x11
 *(.comment)
 .comment       0x0000000000000000       0x11 ./output/sleep.o
                                         0x12 (size before relaxing)
 .comment       0x0000000000000011       0x12 ./output/buzzer.o
 .comment       0x0000000000000011       0x12 ./output/init.o
 .comment       0x0000000000000011       0x12 ./output/uart.o
 .comment       0x0000000000000011       0x12 ./output/eeprom.o
 .comment       0x0000000000000011       0x12 ./output/menu_alarm.o
 .comment       0x0000000000000011       0x12 ./output/menu_time.o
 .comment       0x0000000000000011       0x12 ./output/external_interrupt.o
 .comment       0x0000000000000011       0x12 ./output/menu_user.o
 .comment       0x0000000000000011       0x12 ./output/main.o
 .comment       0x0000000000000011       0x12 ./output/debug.o
 .comment       0x0000000000000011       0x12 ./output/util.o
 .comment       0x0000000000000011       0x12 ./output/timers.o
 .comment       0x0000000000000011       0x12 ./output/adc.o

.note.gnu.avr.deviceinfo
                0x0000000000000000       0x40
 .note.gnu.avr.deviceinfo
                0x0000000000000000       0x40 /usr/lib/gcc/avr/5.4.0/../../../avr/lib/avr5/crtatmega324pb.o

.note.gnu.build-id
 *(.note.gnu.build-id)

.debug
 *(.debug)

.line
 *(.line)

.debug_srcinfo
 *(.debug_srcinfo)

.debug_sfnames
 *(.debug_sfnames)

.debug_aranges  0x0000000000000000       0x80
 *(.debug_aranges)
 .debug_aranges
                0x0000000000000000       0x20 /usr/lib/gcc/avr/5.4.0/../../../avr/lib/avr5/libatmega324pb.a(eerd_block.o)
 .debug_aranges
                0x0000000000000020       0x20 /usr/lib/gcc/avr/5.4.0/../../../avr/lib/avr5/libatmega324pb.a(eerd_byte.o)
 .debug_aranges
                0x0000000000000040       0x20 /usr/lib/gcc/avr/5.4.0/../../../avr/lib/avr5/libatmega324pb.a(eeupd_block.o)
 .debug_aranges
                0x0000000000000060       0x20 /usr/lib/gcc/avr/5.4.0/../../../avr/lib/avr5/libatmega324pb.a(eeupd_byte.o)

.debug_pubnames
 *(.debug_pubnames)

.debug_info     0x0000000000000000      0xc2b
 *(.debug_info .gnu.linkonce.wi.*)
 .debug_info    0x0000000000000000      0x9bb /usr/lib/gcc/avr/5.4.0/../../../avr/lib/avr5/crtatmega324pb.o
 .debug_info    0x00000000000009bb       0x9c /usr/lib/gcc/avr/5.4.0/../../../avr/lib/avr5/libatmega324pb.a(eerd_block.o)
 .debug_info    0x0000000000000a57       0x9b /usr/lib/gcc/avr/5.4.0/../../../avr/lib/avr5/libatmega324pb.a(eerd_byte.o)
 .debug_info    0x0000000000000af2       0x9d /usr/lib/gcc/avr/5.4.0/../../../avr/lib/avr5/libatmega324pb.a(eeupd_block.o)
 .debug_info    0x0000000000000b8f       0x9c /usr/lib/gcc/avr/5.4.0/../../../avr/lib/avr5/libatmega324pb.a(eeupd_byte.o)

.debug_abbrev   0x0000000000000000      0x984
 *(.debug_abbrev)
 .debug_abbrev  0x0000000000000000      0x934 /usr/lib/gcc/avr/5.4.0/../../../avr/lib/avr5/crtatmega324pb.o
 .debug_abbrev  0x0000000000000934       0x14 /usr/lib/gcc/avr/5.4.0/../../../avr/lib/avr5/libatmega324pb.a(eerd_block.o)
 .debug_abbrev  0x0000000000000948       0x14 /usr/lib/gcc/avr/5.4.0/../../../avr/lib/avr5/libatmega324pb.a(eerd_byte.o)
 .debug_abbrev  0x000000000000095c       0x14 /usr/lib/gcc/avr/5.4.0/../../../avr/lib/avr5/libatmega324pb.a(eeupd_block.o)
 .debug_abbrev  0x0000000000000970       0x14 /usr/lib/gcc/avr/5.4.0/../../../avr/lib/avr5/libatmega324pb.a(eeupd_byte.o)

.debug_line     0x0000000000000000      0x449
 *(.debug_line .debug_line.* .debug_line_end)
 .debug_line    0x0000000000000000      0x1c9 /usr/lib/gcc/avr/5.4.0/../../../avr/lib/avr5/crtatmega324pb.o
 .debug_line    0x00000000000001c9       0xab /usr/lib/gcc/avr/5.4.0/../../../avr/lib/avr5/libatmega324pb.a(eerd_block.o)
 .debug_line    0x0000000000000274       0x7a /usr/lib/gcc/avr/5.4.0/../../../avr/lib/avr5/libatmega324pb.a(eerd_byte.o)
 .debug_line    0x00000000000002ee       0xa5 /usr/lib/gcc/avr/5.4.0/../../../avr/lib/avr5/libatmega324pb.a(eeupd_block.o)
 .debug_line    0x0000000000000393       0xb6 /usr/lib/gcc/avr/5.4.0/../../../avr/lib/avr5/libatmega324pb.a(eeupd_byte.o)

.debug_frame
 *(.debug_frame)

.debug_str      0x0000000000000000      0x35a
 *(.debug_str)
 .debug_str     0x0000000000000000      0x35a /usr/lib/gcc/avr/5.4.0/../../../avr/lib/avr5/crtatmega324pb.o

.debug_loc
 *(.debug_loc)

.debug_macinfo
 *(.debug_macinfo)

.debug_weaknames
 *(.debug_weaknames)

.debug_funcnames
 *(.debug_funcnames)

.debug_typenames
 *(.debug_typenames)

.debug_varnames
 *(.debug_varnames)

.debug_pubtypes
 *(.debug_pubtypes)

.debug_ranges
 *(.debug_ranges)

.debug_macro
 *(.debug_macro)
OUTPUT(./output/main.elf elf32-avr)
LOAD linker stubs
